#
# A fatal error has been detected by the Java Runtime Environment:
#
#  EXCEPTION_ACCESS_VIOLATION (0xc0000005) at pc=0x00007fff93196cfe, pid=11308, tid=17344
#
# JRE version:  (17.0.19+9) (build )
# Java VM: Java HotSpot(TM) 64-Bit Server VM (17.0.19+9-LTS-183, mixed mode, sharing, tiered, compressed oops, compressed class ptrs, g1 gc, windows-amd64)
# Problematic frame:
# V  [jvm.dll+0x2c6cfe]
#
# No core dump will be written. Minidumps are not enabled by default on client versions of Windows
#
#

---------------  S U M M A R Y ------------

Command Line: -Xmx16m org.eclipse.jdt.internal.launching.support.LibraryDetector

Host: Intel(R) Core(TM) i5-8265U CPU @ 1.60GHz, 8 cores, 7G,  Windows 11 , 64 bit Build 26100 (10.0.26100.8737)
Time: Tue Jul 21 18:37:00 2026 India Standard Time elapsed time: 0.036934 seconds (0d 0h 0m 0s)

---------------  T H R E A D  ---------------

Current thread (0x000001a8b27cfa40):  JavaThread "Unknown thread" [_thread_in_vm, id=17344, stack(0x0000005232200000,0x0000005232300000)]

Stack: [0x0000005232200000,0x0000005232300000],  sp=0x00000052322ff000,  free space=1020k
Native frames: (J=compiled Java code, j=interpreted, Vv=VM code, C=native code)
V  [jvm.dll+0x2c6cfe]
V  [jvm.dll+0x2c711d]
V  [jvm.dll+0x62b966]
V  [jvm.dll+0x62bb93]
V  [jvm.dll+0x62b039]
V  [jvm.dll+0x626d68]
V  [jvm.dll+0x7b1e41]
V  [jvm.dll+0x36bcc1]
V  [jvm.dll+0x790d51]
V  [jvm.dll+0x3f13bb]
V  [jvm.dll+0x3f2e91]
C  [jli.dll+0x5304]
C  [ucrtbase.dll+0x2cd30]
C  [KERNEL32.DLL+0x2e957]
C  [ntdll.dll+0xaad6c]


siginfo: EXCEPTION_ACCESS_VIOLATION (0xc0000005), reading address 0x0000000000000000


Registers:
RAX=0x0000c09fa60e9163, RBX=0x0000000000000000, RCX=0x0000000000000000, RDX=0x00007fff937cae01
RSP=0x00000052322ff000, RBP=0x0000000000000001, RSI=0x000001a8c58f6d38, RDI=0x0000000000000000
R8 =0x0000000000000001, R9 =0x0000000000000001, R10=0x0000000000000000, R11=0x0000000000000246
R12=0x0000000000000001, R13=0x000001a8b04df850, R14=0x0000000000000001, R15=0x000001a8c5000000
RIP=0x00007fff93196cfe, EFLAGS=0x0000000000010246


Top of Stack: (sp=0x00000052322ff000)
0x00000052322ff000:   000001a8c5bd0000 0000000800000000
0x00000052322ff010:   0000000800bd0000 000001a8c5000000
0x00000052322ff020:   000001a8c5bd0000 000001a0c5000000
0x00000052322ff030:   00000052322ff150 0000000000000001
0x00000052322ff040:   0000c09fa60e8ee3 000001a8b28279c0
0x00000052322ff050:   0000c09fa60e9163 000001a8c5000000
0x00000052322ff060:   0000000000000000 00007fff9319711d
0x00000052322ff070:   000001a8c5000000 0000000000000000
0x00000052322ff080:   0000000000000000 000001a8b28279c0
0x00000052322ff090:   00000052322ff0a0 0000000000000000
0x00000052322ff0a0:   000001a8c5000000 0000000001000000
0x00000052322ff0b0:   0000000000000000 0000000000010000
0x00000052322ff0c0:   0000000000001000 ffffffffb2827900
0x00000052322ff0d0:   00007fff93194d00 0000000000000001
0x00000052322ff0e0:   0000c09fa60e9113 0000000000000000
0x00000052322ff0f0:   000001a8b04df850 0000000000000000 

Instructions: (pc=0x00007fff93196cfe)
0x00007fff93196bfe:   1e 23 63 00 e8 d9 0f f8 ff 48 8b 0d 12 63 83 00
0x00007fff93196c0e:   48 85 c9 74 22 44 0f b6 83 41 02 00 00 48 8d 0d
0x00007fff93196c1e:   ce 51 63 00 0f b6 93 40 02 00 00 e8 e2 16 de ff
0x00007fff93196c2e:   48 8b 0d eb 62 83 00 0f b6 05 9e 73 84 00 38 83
0x00007fff93196c3e:   40 02 00 00 75 60 0f b6 05 90 73 84 00 38 83 41
0x00007fff93196c4e:   02 00 00 75 51 80 bb a1 03 00 00 00 75 1f c6 05
0x00007fff93196c5e:   dd 2e 7f 00 00 48 85 c9 74 13 48 8d 0d 81 52 63
0x00007fff93196c6e:   00 e8 9c 16 de ff 48 8b 0d a5 62 83 00 80 bb a2
0x00007fff93196c7e:   03 00 00 00 75 18 c6 05 b6 2e 7f 00 00 48 85 c9
0x00007fff93196c8e:   74 0c 48 8d 0d c9 52 63 00 e8 74 16 de ff b0 01
0x00007fff93196c9e:   48 83 c4 20 5b c3 48 8d 0d a5 51 63 00 e8 e0 d4
0x00007fff93196cae:   ff ff 32 c0 48 83 c4 20 5b c3 cc cc cc cc cc cc
0x00007fff93196cbe:   cc cc 48 89 5c 24 10 48 89 6c 24 18 48 89 74 24
0x00007fff93196cce:   20 57 48 83 ec 60 48 8b 05 65 f5 80 00 48 33 c4
0x00007fff93196cde:   48 89 44 24 50 80 3d c0 10 7e 00 00 0f b6 ea 48
0x00007fff93196cee:   8b f1 74 17 80 39 00 75 12 48 8b 0d fa c5 83 00
0x00007fff93196cfe:   48 8b 01 ff 50 20 48 8b d8 eb 08 48 8b 59 18 48
0x00007fff93196d0e:   83 c3 04 48 83 3d e7 c6 83 00 00 40 b7 01 74 0f
0x00007fff93196d1e:   48 8b d3 48 8d 0d 48 3d 63 00 e8 f3 82 f2 ff 48
0x00007fff93196d2e:   8d 54 24 20 48 8b cb e8 56 6d 3b 00 85 c0 74 19
0x00007fff93196d3e:   40 84 ed 74 14 48 8b d3 48 8d 0d 4b 3d 63 00 e8
0x00007fff93196d4e:   3e d4 ff ff 40 32 ff eb 7a 80 3e 02 75 20 48 8b
0x00007fff93196d5e:   cb e8 ac 12 3b 00 84 c0 75 69 48 8b d3 48 8d 0d
0x00007fff93196d6e:   56 3d 63 00 e8 19 d4 ff ff 40 32 ff eb 55 48 8b
0x00007fff93196d7e:   56 08 4c 8b 44 24 40 48 85 d2 74 05 49 3b d0 75
0x00007fff93196d8e:   0b 48 63 44 24 34 48 39 46 10 74 37 40 32 ff 40
0x00007fff93196d9e:   38 3d cd 73 84 00 74 1c 49 3b d0 48 8d 05 38 3d
0x00007fff93196dae:   63 00 48 8d 0d 49 3d 63 00 48 0f 45 c8 e8 d0 d3
0x00007fff93196dbe:   ff ff eb 0f 48 8b d3 48 8d 0d 54 3d 63 00 e8 bf
0x00007fff93196dce:   d3 ff ff 80 3d 99 73 84 00 00 74 10 40 84 ff 75
0x00007fff93196dde:   0b c6 05 db bc 85 00 01 b0 01 eb 04 40 0f b6 c7
0x00007fff93196dee:   48 8b 4c 24 50 48 33 cc e8 85 3d 57 00 4c 8d 5c 



---------------  P R O C E S S  ---------------

Threads class SMR info:
_java_thread_list=0x00007fff9398ca58, length=0, elements={
}

Java Threads: ( => current thread )

Other Threads:
  0x000001a8b27efb60 GCTaskThread "GC Thread#0" [stack: 0x0000005232300000,0x0000005232400000] [id=10844]
  0x000001a8b27f0a80 ConcurrentGCThread "G1 Main Marker" [stack: 0x0000005232400000,0x0000005232500000] [id=1616]
  0x000001a8b27f2900 ConcurrentGCThread "G1 Conc#0" [stack: 0x0000005232500000,0x0000005232600000] [id=19516]
  0x000001a8b2824ab0 ConcurrentGCThread "G1 Refine#0" [stack: 0x0000005232600000,0x0000005232700000] [id=7176]
  0x000001a8b28283b0 ConcurrentGCThread "G1 Service" [stack: 0x0000005232700000,0x0000005232800000] [id=19624]

=>0x000001a8b27cfa40 (exited) JavaThread "Unknown thread" [_thread_in_vm, id=17344, stack(0x0000005232200000,0x0000005232300000)]

Threads with active compile tasks:

VM state: not at safepoint (not fully initialized)

VM Mutex/Monitor currently owned by a thread: None

Heap address: 0x00000000ff000000, size: 16 MB, Compressed Oops mode: 32-bit

CDS archive(s) mapped at: [0x0000000000000000-0x0000000000000000-0x0000000000000000), size 0, SharedBaseAddress: 0x0000000800000000, ArchiveRelocationMode: 1.
Narrow klass base: 0x0000000000000000, Narrow klass shift: 0, Narrow klass range: 0x0

GC Precious Log:
 CPUs: 8 total, 8 available
 Memory: 8039M
 Large Page Support: Disabled
 NUMA Support: Disabled
 Compressed Oops: Enabled (32-bit)
 Heap Region Size: 1M
 Heap Min Capacity: 8M
 Heap Initial Capacity: 16M
 Heap Max Capacity: 16M
 Pre-touch: Disabled
 Parallel Workers: 8
 Concurrent Workers: 2
 Concurrent Refinement Workers: 8
 Periodic GC: Disabled

Heap:
 garbage-first heap   total 16384K, used 0K [0x00000000ff000000, 0x0000000100000000)
  region size 1024K, 0 young (0K), 0 survivors (0K)

[error occurred during error reporting (printing heap information), id 0xc0000005, EXCEPTION_ACCESS_VIOLATION (0xc0000005) at pc=0x00007fff935a7979]

GC Heap History (0 events):
No events

Deoptimization events (0 events):
No events

Classes unloaded (0 events):
No events

Classes redefined (0 events):
No events

Internal exceptions (0 events):
No events

VM Operations (0 events):
No events

Events (2 events):
Event: 0.014 Loaded shared library C:\Program Files\Java\jdk-17.0.19\bin\java.dll
Event: 0.016 Loaded shared library C:\Program Files\Java\jdk-17.0.19\bin\zip.dll


Dynamic libraries:
0x00007ff687e90000 - 0x00007ff687ea0000 	C:\Program Files\Java\jdk-17.0.19\bin\javaw.exe
0x00007ff81f2e0000 - 0x00007ff81f546000 	C:\WINDOWS\SYSTEM32\ntdll.dll
0x00007ff81ead0000 - 0x00007ff81eb99000 	C:\WINDOWS\System32\KERNEL32.DLL
0x00007ff81c7e0000 - 0x00007ff81cbe0000 	C:\WINDOWS\System32\KERNELBASE.dll
0x00007ff81c680000 - 0x00007ff81c7cc000 	C:\WINDOWS\System32\ucrtbase.dll
0x00007ff80b820000 - 0x00007ff80b83e000 	C:\Program Files\Java\jdk-17.0.19\bin\VCRUNTIME140.dll
0x00007ff80afe0000 - 0x00007ff80aff9000 	C:\Program Files\Java\jdk-17.0.19\bin\jli.dll
0x00007ff81ef90000 - 0x00007ff81f047000 	C:\WINDOWS\System32\ADVAPI32.dll
0x00007ff81e8b0000 - 0x00007ff81e959000 	C:\WINDOWS\System32\msvcrt.dll
0x00007ff81f1f0000 - 0x00007ff81f29a000 	C:\WINDOWS\System32\sechost.dll
0x00007ff81d7d0000 - 0x00007ff81d8e8000 	C:\WINDOWS\System32\RPCRT4.dll
0x00007ff81ed10000 - 0x00007ff81eed7000 	C:\WINDOWS\System32\USER32.dll
0x00007ff81cbf0000 - 0x00007ff81cc17000 	C:\WINDOWS\System32\win32u.dll
0x00007ff81eee0000 - 0x00007ff81ef0b000 	C:\WINDOWS\System32\GDI32.dll
0x00007ff81cee0000 - 0x00007ff81d009000 	C:\WINDOWS\System32\gdi32full.dll
0x00007ff81cda0000 - 0x00007ff81ce43000 	C:\WINDOWS\System32\msvcp_win.dll
0x00007ff804490000 - 0x00007ff804722000 	C:\WINDOWS\WinSxS\amd64_microsoft.windows.common-controls_6595b64144ccf1df_6.0.26100.8737_none_3e092eaee333b772\COMCTL32.dll
0x00007ff80f8d0000 - 0x00007ff80f8db000 	C:\WINDOWS\SYSTEM32\VERSION.dll
0x00007ff81e770000 - 0x00007ff81e7a2000 	C:\WINDOWS\System32\IMM32.DLL
0x00007ff80b810000 - 0x00007ff80b81c000 	C:\Program Files\Java\jdk-17.0.19\bin\vcruntime140_1.dll
0x00007ff80a5c0000 - 0x00007ff80a64d000 	C:\Program Files\Java\jdk-17.0.19\bin\msvcp140.dll
0x00007fff92ed0000 - 0x00007fff93ab5000 	C:\Program Files\Java\jdk-17.0.19\bin\server\jvm.dll
0x00007ff81ea60000 - 0x00007ff81ea68000 	C:\WINDOWS\System32\PSAPI.DLL
0x00007ff817080000 - 0x00007ff81708a000 	C:\WINDOWS\SYSTEM32\WSOCK32.dll
0x00007ff81dd80000 - 0x00007ff81de00000 	C:\WINDOWS\System32\WS2_32.dll
0x00007ff804450000 - 0x00007ff804486000 	C:\WINDOWS\SYSTEM32\WINMM.dll
0x00007ff81b1e0000 - 0x00007ff81b1fb000 	C:\WINDOWS\SYSTEM32\kernel.appcore.dll
0x00007ff80b7c0000 - 0x00007ff80b7ca000 	C:\Program Files\Java\jdk-17.0.19\bin\jimage.dll
0x00007ff804740000 - 0x00007ff804982000 	C:\WINDOWS\SYSTEM32\DBGHELP.DLL
0x00007ff81d440000 - 0x00007ff81d7c3000 	C:\WINDOWS\System32\combase.dll
0x00007ff81d2d0000 - 0x00007ff81d3a9000 	C:\WINDOWS\System32\OLEAUT32.dll
0x00007ffff6610000 - 0x00007ffff664b000 	C:\WINDOWS\SYSTEM32\dbgcore.DLL
0x00007ff81cc20000 - 0x00007ff81cccc000 	C:\WINDOWS\System32\bcryptPrimitives.dll
0x00007ff80a590000 - 0x00007ff80a5b6000 	C:\Program Files\Java\jdk-17.0.19\bin\java.dll
0x00007ff80a570000 - 0x00007ff80a588000 	C:\Program Files\Java\jdk-17.0.19\bin\zip.dll

dbghelp: loaded successfully - version: 4.0.5 - missing functions: none
symbol engine: initialized successfully - sym options: 0x614 - pdb path: .;C:\Program Files\Java\jdk-17.0.19\bin;C:\WINDOWS\SYSTEM32;C:\WINDOWS\WinSxS\amd64_microsoft.windows.common-controls_6595b64144ccf1df_6.0.26100.8737_none_3e092eaee333b772;C:\Program Files\Java\jdk-17.0.19\bin\server

VM Arguments:
jvm_args: -Xmx16m 
java_command: org.eclipse.jdt.internal.launching.support.LibraryDetector
java_class_path (initial): C:\Users\DELL\AppData\Roaming\Code\User\globalStorage\redhat.java\1.55.0\config_win\org.eclipse.osgi\56\0\.cp\lib\launchingsupport.jar
Launcher Type: SUN_STANDARD

[Global flags]
     intx CICompilerCount                          = 4                                         {product} {ergonomic}
     uint ConcGCThreads                            = 2                                         {product} {ergonomic}
     uint G1ConcRefinementThreads                  = 8                                         {product} {ergonomic}
   size_t G1HeapRegionSize                         = 1048576                                   {product} {ergonomic}
    uintx GCDrainStackTargetSize                   = 64                                        {product} {ergonomic}
   size_t InitialHeapSize                          = 16777216                                  {product} {ergonomic}
   size_t MarkStackSize                            = 4194304                                   {product} {ergonomic}
   size_t MaxHeapSize                              = 16777216                                  {product} {command line}
   size_t MaxNewSize                               = 9437184                                   {product} {ergonomic}
   size_t MinHeapDeltaBytes                        = 1048576                                   {product} {ergonomic}
   size_t MinHeapSize                              = 8388608                                   {product} {ergonomic}
    uintx NonNMethodCodeHeapSize                   = 5839372                                {pd product} {ergonomic}
    uintx NonProfiledCodeHeapSize                  = 122909434                              {pd product} {ergonomic}
    uintx ProfiledCodeHeapSize                     = 122909434                              {pd product} {ergonomic}
    uintx ReservedCodeCacheSize                    = 251658240                              {pd product} {ergonomic}
     bool SegmentedCodeCache                       = true                                      {product} {ergonomic}
   size_t SoftMaxHeapSize                          = 16777216                               {manageable} {ergonomic}
     bool UseCompressedClassPointers               = true                           {product lp64_product} {ergonomic}
     bool UseCompressedOops                        = true                           {product lp64_product} {ergonomic}
     bool UseG1GC                                  = true                                      {product} {ergonomic}
     bool UseLargePagesIndividualAllocation        = false                                  {pd product} {ergonomic}

Logging:
Log output configuration:
 #0: stdout all=warning uptime,level,tags
 #1: stderr all=off uptime,level,tags

Environment Variables:
JAVA_HOME=C:\Program Files\Java\jdk-17.0.19
PATH=C:\Program Files\Eclipse Adoptium\jdk-17.0.19.10-hotspot\bin;C:\WINDOWS\system32;C:\WINDOWS;C:\WINDOWS\System32\Wbem;C:\WINDOWS\System32\WindowsPowerShell\v1.0\;C:\WINDOWS\System32\OpenSSH\;C:\ProgramData\chocolatey\bin;C:\Program Files\nodejs\;C:\Program Files\Java\jdk-17.0.19\bin;L:\Java Practice\bin;C:\Program Files\Java\jdk-17.0.19\bin;C:\Program Files\Git\cmd;C:\Users\DELL\AppData\Local\Programs\Python\Python313\Scripts\;C:\Users\DELL\AppData\Local\Programs\Python\Python313\;C:\Users\DELL\.console-ninja\.bin;C:\Users\DELL\AppData\Local\Microsoft\WindowsApps;C:\Users\DELL\AppData\Local\Programs\Microsoft VS Code\bin;C:\Users\DELL\AppData\Roaming\npm;C:\Program Files\heroku\bin;C:\Users\DELL\.fly\bin;C:\Users\DELL\AppData\Local\Microsoft\WindowsApps;L:\\win64;C:\Users\DELL\AppData\Local\JetBrains\Toolbox\scripts;C:\Users\DELL\Documents\HIMA PROJECT\IntelliJ IDEA 2026.1\bin
USERNAME=DELL
OS=Windows_NT
PROCESSOR_IDENTIFIER=Intel64 Family 6 Model 142 Stepping 12, GenuineIntel



---------------  S Y S T E M  ---------------

OS:
 Windows 11 , 64 bit Build 26100 (10.0.26100.8737)
OS uptime: 0 days 22:04 hours

CPU: total 8 (initial active 8) (4 cores per cpu, 2 threads per core) family 6 model 142 stepping 12 microcode 0xde, cx8, cmov, fxsr, ht, mmx, 3dnowpref, sse, sse2, sse3, ssse3, sse4.1, sse4.2, popcnt, lzcnt, tsc, tscinvbit, avx, avx2, aes, erms, clmul, bmi1, bmi2, adx, fma, vzeroupper, clflush, clflushopt

Memory: 4k page, system-wide physical 8039M (500M free)
TotalPageFile size 12978M (AvailPageFile size 1149M)
current process WorkingSet (physical memory assigned to process): 24M, peak: 24M
current process commit charge ("private bytes"): 88M, peak: 88M

vm_info: Java HotSpot(TM) 64-Bit Server VM (17.0.19+9-LTS-183) for windows-amd64 JRE (17.0.19+9-LTS-183), built on Mar 11 2026 01:59:45 by "mach5run" with MS VC++ 17.13 (VS2022)

END.
